\BOOKMARK [1][-]{section.1}{\376\377\000U\000V\000O\000D}{}% 1
\BOOKMARK [2][-]{subsection.1.1}{\376\377\000Z\000a\000d\000a\000t\000a\000k\000\040\000r\000a\000d\000a}{section.1}% 2
\BOOKMARK [2][-]{subsection.1.2}{\376\377\000S\000t\000r\000u\000k\000t\000u\000r\000a\000\040\000r\000a\000d\000a}{section.1}% 3
\BOOKMARK [1][-]{section.2}{\376\377\000P\000R\000E\000G\000L\000E\000D\000\040\000P\000O\000D\000R\000U\001\014\000J\000A\000\040\000T\000E\000M\000E}{}% 4
\BOOKMARK [2][-]{subsection.2.1}{\376\377\000R\000a\000k\000\040\000p\000r\000o\000s\000t\000a\000t\000e\000\040\000i\000\040\000s\000u\000s\000p\000e\000k\000t\000n\000e\000\040\000l\000e\000z\000i\000j\000e}{section.2}% 5
\BOOKMARK [2][-]{subsection.2.2}{\376\377\000M\000o\000d\000a\000l\000i\000t\000e\000t\000i\000\040\000M\000R\000\040\000s\000n\000i\000m\000a\000n\000j\000a\000\040\000p\000r\000o\000s\000t\000a\000t\000e}{section.2}% 6
\BOOKMARK [2][-]{subsection.2.3}{\376\377\000P\000I\000-\000R\000A\000D\000S\000\040\000i\000\040\000o\000p\000s\000e\000g\000\040\000r\000a\000d\000a}{section.2}% 7
\BOOKMARK [2][-]{subsection.2.4}{\376\377\000D\000u\000b\000o\000k\000o\000\040\000u\001\015\000e\000n\000j\000e\000\040\000z\000a\000\040\000s\000e\000g\000m\000e\000n\000t\000a\000c\000i\000j\000u\000\040\000m\000e\000d\000i\000c\000i\000n\000s\000k\000i\000h\000\040\000s\000l\000i\000k\000a}{section.2}% 8
\BOOKMARK [1][-]{section.3}{\376\377\000S\000K\000U\000P\000\040\000P\000O\000D\000A\000T\000A\000K\000A\000\040\000I\000\040\000P\000R\000E\000D\000O\000B\000R\000A\000D\000A}{}% 9
\BOOKMARK [2][-]{subsection.3.1}{\376\377\000S\000k\000u\000p\000\040\000P\000I\000-\000C\000A\000I}{section.3}% 10
\BOOKMARK [2][-]{subsection.3.2}{\376\377\000S\000k\000u\000p\000\040\000P\000r\000o\000s\000t\000a\000t\000e\0001\0005\0008}{section.3}% 11
\BOOKMARK [2][-]{subsection.3.3}{\376\377\000V\000o\000l\000u\000m\000e\000t\000r\000i\000j\000s\000k\000i\000\040\000f\000o\000r\000m\000a\000t\000\040\000p\000o\000d\000a\000t\000a\000k\000a}{section.3}% 12
\BOOKMARK [2][-]{subsection.3.4}{\376\377\000U\001\015\000i\000t\000a\000v\000a\000n\000j\000e\000\040\000i\000\040\000p\000r\000e\000d\000o\000b\000r\000a\000d\000a}{section.3}% 13
\BOOKMARK [1][-]{section.4}{\376\377\000A\000R\000H\000I\000T\000E\000K\000T\000U\000R\000A\000\040\000I\000\040\000I\000M\000P\000L\000E\000M\000E\000N\000T\000A\000C\000I\000J\000A\000\040\000S\000U\000S\000T\000A\000V\000A}{}% 14
\BOOKMARK [2][-]{subsection.4.1}{\376\377\000N\000a\000d\000z\000i\000r\000a\000n\000o\000\040\000t\000r\000e\000n\000i\000r\000a\000n\000j\000e}{section.4}% 15
\BOOKMARK [2][-]{subsection.4.2}{\376\377\000S\000a\000m\000o\000n\000a\000d\000z\000i\000r\000a\000n\000o\000\040\000p\000r\000e\000d\000t\000r\000e\000n\000i\000r\000a\000n\000j\000e}{section.4}% 16
\BOOKMARK [2][-]{subsection.4.3}{\376\377\000K\000o\000n\000f\000i\000g\000u\000r\000a\000c\000i\000j\000s\000k\000i\000\040\000o\000d\000a\000b\000i\000r\000\040\000m\000o\000d\000e\000l\000a}{section.4}% 17
\BOOKMARK [2][-]{subsection.4.4}{\376\377\000M\000o\000d\000e\000l\000i}{section.4}% 18
\BOOKMARK [3][-]{subsubsection.4.4.1}{\376\377\000U\000-\000N\000e\000t\000\040\0003\000D}{subsection.4.4}% 19
\BOOKMARK [3][-]{subsubsection.4.4.2}{\376\377\000A\000t\000t\000e\000n\000t\000i\000o\000n\000\040\000U\000-\000N\000e\000t\000\040\0003\000D}{subsection.4.4}% 20
\BOOKMARK [3][-]{subsubsection.4.4.3}{\376\377\000D\000e\000c\000o\000n\000v\000e\000r}{subsection.4.4}% 21
\BOOKMARK [3][-]{subsubsection.4.4.4}{\376\377\000F\000C\000T}{subsection.4.4}% 22
\BOOKMARK [3][-]{subsubsection.4.4.5}{\376\377\000D\000y\000n\000U\000N\000e\000t}{subsection.4.4}% 23
\BOOKMARK [3][-]{subsubsection.4.4.6}{\376\377\000S\000w\000i\000n\000U\000N\000E\000T\000R}{subsection.4.4}% 24
\BOOKMARK [2][-]{subsection.4.5}{\376\377\000E\000v\000a\000l\000u\000a\000c\000i\000j\000a\000\040\000i\000\040\000v\000i\000z\000u\000a\000l\000i\000z\000a\000c\000i\000j\000a}{section.4}% 25
\BOOKMARK [2][-]{subsection.4.6}{\376\377\000P\000o\000s\000t\000p\000r\000o\000c\000e\000s\000i\000r\000a\000n\000j\000e\000\040\000p\000r\000e\000d\000i\000k\000c\000i\000j\000a}{section.4}% 26
\BOOKMARK [1][-]{section.5}{\376\377\000E\000K\000S\000P\000E\000R\000I\000M\000E\000N\000T\000A\000L\000N\000I\000\040\000P\000O\000S\000T\000A\000V\000\040\000I\000\040\000M\000E\000T\000R\000I\000K\000E}{}% 27
\BOOKMARK [2][-]{subsection.5.1}{\376\377\000E\000k\000s\000p\000e\000r\000i\000m\000e\000n\000t\000a\000l\000n\000i\000\040\000p\000o\000s\000t\000a\000v}{section.5}% 28
\BOOKMARK [2][-]{subsection.5.2}{\376\377\000M\000e\000t\000r\000i\000k\000e}{section.5}% 29
\BOOKMARK [1][-]{section.6}{\376\377\000R\000E\000Z\000U\000L\000T\000A\000T\000I\000\040\000I\000\040\000R\000A\000S\000P\000R\000A\000V\000A}{}% 30
\BOOKMARK [2][-]{subsection.6.1}{\376\377\000A\000t\000t\000e\000n\000t\000i\000o\000n\000\040\000U\000-\000N\000e\000t\000\040\0003\000D}{section.6}% 31
\BOOKMARK [2][-]{subsection.6.2}{\376\377\000D\000e\000c\000o\000n\000v\000e\000r}{section.6}% 32
\BOOKMARK [2][-]{subsection.6.3}{\376\377\000F\000C\000T}{section.6}% 33
\BOOKMARK [2][-]{subsection.6.4}{\376\377\000U\000s\000p\000o\000r\000e\000d\000b\000a\000\040\000r\000e\000p\000r\000e\000z\000e\000n\000t\000a\000t\000i\000v\000n\000i\000h\000\040\000m\000o\000d\000e\000l\000a}{section.6}% 34
\BOOKMARK [2][-]{subsection.6.5}{\376\377\000D\000e\000t\000e\000k\000c\000i\000j\000s\000k\000e\000\040\000m\000e\000t\000r\000i\000k\000e\000\040\000p\000r\000e\000m\000a\000\040\000P\000I\000-\000C\000A\000I\000\040\000p\000o\000s\000t\000u\000p\000k\000u}{section.6}% 35
\BOOKMARK [2][-]{subsection.6.6}{\376\377\000A\000n\000a\000l\000i\000z\000a\000\040\000p\000o\000\040\000p\000o\000j\000e\000d\000i\000n\000a\001\015\000n\000i\000m\000\040\000s\000l\000u\001\015\000a\000j\000e\000v\000i\000m\000a}{section.6}% 36
\BOOKMARK [2][-]{subsection.6.7}{\376\377\000O\000g\000r\000a\000n\000i\001\015\000e\000n\000j\000a\000\040\000r\000e\000z\000u\000l\000t\000a\000t\000a\000\040\000i\000\040\000p\000o\000n\000a\001\141\000a\000n\000j\000e\000\040\000n\000a\000\040\000n\000e\000g\000a\000t\000i\000v\000n\000i\000m\000\040\000s\000l\000u\001\015\000a\000j\000e\000v\000i\000m\000a}{section.6}% 37
\BOOKMARK [1][-]{section.7}{\376\377\000O\000B\000J\000A\001\140\000N\000J\000I\000V\000O\000S\000T\000\040\000M\000O\000D\000E\000L\000A}{}% 38
\BOOKMARK [1][-]{section.8}{\376\377\000Z\000A\000K\000L\000J\000U\001\014\000A\000K}{}% 39
\BOOKMARK [1][-]{section.8}{\376\377\000L\000I\000T\000E\000R\000A\000T\000U\000R\000A}{}% 40
\BOOKMARK [1][-]{section.8}{\376\377\000P\000o\000p\000i\000s\000\040\000o\000z\000n\000a\000k\000a}{}% 41
\BOOKMARK [1][-]{section.8}{\376\377\000P\000o\000p\000i\000s\000\040\000k\000r\000a\000t\000i\000c\000a}{}% 42
\BOOKMARK [1][-]{section.8}{\376\377\000S\000a\001\176\000e\000t\000a\000k}{}% 43
\BOOKMARK [1][-]{section.8}{\376\377\000A\000b\000s\000t\000r\000a\000c\000t}{}% 44
